SQL> SELECT * FROM ALU0100951615.PROFESOR;
SELECT * FROM ALU0100951615.PROFESOR
                            *
ERROR at line 1:
ORA-00942: table or view does not exist 


SQL> INSERT INTO ALU0100951615.DEPARTAMENTO
  2  VALUES(5,'ECONOMIA');

1 row created.

SQL> UPDATE ALU0100951615.DEPARTAMENTO
  2  SET D='ECONOMIA APLICADA'
  3  WHERE CD=5;

1 row updated.

SQL> UPDATE ALU0100951615.TITULACION
  2  SET FAC='ETSII'
  3  WHERE T='GII';

1 row updated.

SQL> DELETE FROM ALU0100951615.TITULACION
  2  WHERE T='GII';

1 row deleted.

SQL> ROLLBACK;

Rollback complete.

SQL> CREATE VIEW VISTA3
  2  AS SELECT A,CAR
  3  FROM ALU0100951615.ASIGNATURA;

View created.

SQL> SELECT * FROM VISTA3;

A                                                         CAR                   
-------------------------------------------------- ----------                   
BASES DE DATOS                                              7                   
INTELIGENCIA ARTIFICIAL                                     4                   
ALMACENES DE DATOS                                          7                   
MINERIA DE DATOS                                            7                   
INFORMATICA BASICA                                          7                   
ALGEBRA                                                     1                   
CALCULO                                                     8                   
OPTIMIZACION                                                6                   
GESTION DE RIESGOS                                          4                   
ASTRONOMIA                                                  3                   
ENSENANZA DE LA MATEMATICA                                  5                   

A                                                         CAR                   
-------------------------------------------------- ----------                   
ANALISIS COMPLEJO                                           2                   
ESTADISTICA                                                 6                   

13 rows selected.

SQL> DROP VIEW VISTA3;

View dropped.

SQL> DELETE ALU0100951615.ASIGNATURA;

13 rows deleted.

SQL> ROLLBACK;

Rollback complete.

SQL> SELECT * FROM ASIGNATURA;
SELECT * FROM ASIGNATURA
              *
ERROR at line 1:
ORA-00942: table or view does not exist 


SQL> SPOOL OFF;
